 gcc -g p2original.c
îº§ gdb a.out
GNU gdb (Ubuntu 8.1.1-0ubuntu1) 8.1.1
Copyright (C) 2018 Free Software Foundation, Inc.
License GPLv3+: GNU GPL version 3 or later <http://gnu.org/licenses/gpl.html>
This is free software: you are free to change and redistribute it.
There is NO WARRANTY, to the extent permitted by law.  Type "show copying"
and "show warranty" for details.
This GDB was configured as "x86_64-linux-gnu".
Type "show configuration" for configuration details.
For bug reporting instructions, please see:
<http://www.gnu.org/software/gdb/bugs/>.
Find the GDB manual and other documentation resources online at:
<http://www.gnu.org/software/gdb/documentation/>.
For help, type "help".
Type "apropos word" to search for commands related to "word"...
Reading symbols from a.out...done.
(gdb) b main
Breakpoint 1 at 0x812: file p2original.c, line 23.
(gdb) r
Starting program: /home/runner/pps-test1-Syba789-23/a.out 
warning: Error disabling address space randomization: Operation not permitted

Breakpoint 1, main () at p2original.c:23
23    x= input();
(gdb) n
enter two numbers
8
24    y= input();
(gdb) n
enter two numbers
9
25    z= add(x,y);
(gdb) n
26    output(x,y,z);
(gdb) n
sum of 8 + 9 is 17
27    return 0;
(gdb) n
28  }(gdb) n
__libc_start_main (main=0x56019840080a <main>, argc=1, argv=0x7ffd77b85498, 
    init=<optimized out>, fini=<optimized out>, rtld_fini=<optimized out>, 
    stack_end=0x7ffd77b85488) at ../csu/libc-start.c:344
344 ../csu/libc-start.c: No such file or directory.
(gdb) n
[Inferior 1 (process 524) exited normally]
(gdb) 